Traceback (most recent call last):
  File "/opt/homebrew/Caskroom/miniconda/base/bin/uvicorn", line 10, in <module>
    sys.exit(main())
             ^^^^^^
  File "/opt/homebrew/Caskroom/miniconda/base/lib/python3.12/site-packages/click/core.py", line 1442, in __call__
    return self.main(*args, **kwargs)
           ^^^^^^^^^^^^^^^^^^^^^^^^^^
  File "/opt/homebrew/Caskroom/miniconda/base/lib/python3.12/site-packages/click/core.py", line 1363, in main
    rv = self.invoke(ctx)
         ^^^^^^^^^^^^^^^^
  File "/opt/homebrew/Caskroom/miniconda/base/lib/python3.12/site-packages/click/core.py", line 1226, in invoke
    return ctx.invoke(self.callback, **ctx.params)
           ^^^^^^^^^^^^^^^^^^^^^^^^^^^^^^^^^^^^^^^
  File "/opt/homebrew/Caskroom/miniconda/base/lib/python3.12/site-packages/click/core.py", line 794, in invoke
    return callback(*args, **kwargs)
           ^^^^^^^^^^^^^^^^^^^^^^^^^
  File "/opt/homebrew/Caskroom/miniconda/base/lib/python3.12/site-packages/uvicorn/main.py", line 413, in main
    run(
  File "/opt/homebrew/Caskroom/miniconda/base/lib/python3.12/site-packages/uvicorn/main.py", line 580, in run
    server.run()
  File "/opt/homebrew/Caskroom/miniconda/base/lib/python3.12/site-packages/uvicorn/server.py", line 67, in run
    return asyncio.run(self.serve(sockets=sockets))
           ^^^^^^^^^^^^^^^^^^^^^^^^^^^^^^^^^^^^^^^^
  File "/opt/homebrew/Caskroom/miniconda/base/lib/python3.12/asyncio/runners.py", line 195, in run
    return runner.run(main)
           ^^^^^^^^^^^^^^^^
  File "/opt/homebrew/Caskroom/miniconda/base/lib/python3.12/asyncio/runners.py", line 118, in run
    return self._loop.run_until_complete(task)
           ^^^^^^^^^^^^^^^^^^^^^^^^^^^^^^^^^^^
  File "uvloop/loop.pyx", line 1518, in uvloop.loop.Loop.run_until_complete
  File "/opt/homebrew/Caskroom/miniconda/base/lib/python3.12/site-packages/uvicorn/server.py", line 71, in serve
    await self._serve(sockets)
  File "/opt/homebrew/Caskroom/miniconda/base/lib/python3.12/site-packages/uvicorn/server.py", line 78, in _serve
    config.load()
  File "/opt/homebrew/Caskroom/miniconda/base/lib/python3.12/site-packages/uvicorn/config.py", line 436, in load
    self.loaded_app = import_from_string(self.app)
                      ^^^^^^^^^^^^^^^^^^^^^^^^^^^^
  File "/opt/homebrew/Caskroom/miniconda/base/lib/python3.12/site-packages/uvicorn/importer.py", line 19, in import_from_string
    module = importlib.import_module(module_str)
             ^^^^^^^^^^^^^^^^^^^^^^^^^^^^^^^^^^^
  File "/opt/homebrew/Caskroom/miniconda/base/lib/python3.12/importlib/__init__.py", line 90, in import_module
    return _bootstrap._gcd_import(name[level:], package, level)
           ^^^^^^^^^^^^^^^^^^^^^^^^^^^^^^^^^^^^^^^^^^^^^^^^^^^^
  File "<frozen importlib._bootstrap>", line 1387, in _gcd_import
  File "<frozen importlib._bootstrap>", line 1360, in _find_and_load
  File "<frozen importlib._bootstrap>", line 1331, in _find_and_load_unlocked
  File "<frozen importlib._bootstrap>", line 935, in _load_unlocked
  File "<frozen importlib._bootstrap_external>", line 999, in exec_module
  File "<frozen importlib._bootstrap>", line 488, in _call_with_frames_removed
  File "/Users/ashishdate/Documents/Projects/Sentinel/sentinel/api/main.py", line 4, in <module>
    from sentinel.core.orchestrator import SentinelOrchestrator
  File "/Users/ashishdate/Documents/Projects/Sentinel/sentinel/core/orchestrator.py", line 7, in <module>
    from sentinel.agents.analysis import DigitalExhaustAgent, TalentDynamicsAgent, HiringAuthenticityAgent
  File "/Users/ashishdate/Documents/Projects/Sentinel/sentinel/agents/analysis.py", line 3, in <module>
    from sentinel.models.schemas import DigitalExhaustProfile, TalentDynamicsProfile, HiringAuthenticityReport
ImportError: cannot import name 'DigitalExhaustProfile' from 'sentinel.models.schemas' (/Users/ashishdate/Documents/Projects/Sentinel/sentinel/models/schemas.py)
